// Jest Snapshot v1, https://goo.gl/fbAQLP

exports[`Table component testing Table 1`] = `
<DocumentFragment>
  <table
    class="sc-AxheI jKVzUl"
  >
    <tbody>
      <tr
        class="sc-AxirZ ktnnZK"
      >
        <th
          class="sc-AxhUy HdNsE"
          width="177px"
        >
          <div
            class="sc-AxhCb dzpAlW"
            display="flex"
          >
            <p
              class="sc-AxiKw vQWyf"
              color="#041C33"
              font-size="14px"
            >
              タイトル
            </p>
            <div
              class="sc-AxgMl ipymkH"
            >
              <p
                class="sc-AxiKw lpenSv"
                color="#FFFFFF"
                font-size="12px"
              >
                必須
              </p>
            </div>
          </div>
        </th>
        <td
          class="sc-AxjAm dsbYs"
          width="auto"
        >
          コンテンツ
        </td>
      </tr>
      <tr
        class="sc-AxirZ ktnnZK"
      >
        <th
          class="sc-AxhUy HdNsE"
          width="177px"
        >
          <div
            class="sc-AxhCb jMXRtl"
            display="flex"
          >
            <p
              class="sc-AxiKw vQWyf"
              color="#041C33"
              font-size="14px"
            >
              タイトル
            </p>
          </div>
        </th>
        <td
          class="sc-AxjAm dsbYs"
          width="auto"
        >
          コンテンツ
        </td>
      </tr>
      <tr
        class="sc-AxirZ ktnnZK"
      >
        <th
          class="sc-AxhUy HdNsE"
          width="177px"
        >
          <div
            class="sc-AxhCb jMXRtl"
            display="flex"
          >
            <p
              class="sc-AxiKw vQWyf"
              color="#041C33"
              font-size="14px"
            >
              タイトル
            </p>
          </div>
        </th>
        <td
          class="sc-AxjAm dsbYs"
          width="auto"
        >
          コンテンツ
        </td>
      </tr>
    </tbody>
  </table>
</DocumentFragment>
`;
