// Jest Snapshot v1, https://goo.gl/fbAQLP

exports[`MenuList component testing MenuList splited 1`] = `
<DocumentFragment>
  <div
    class="sc-bdfBwQ hWeOum"
  >
    <hr
      class="sc-dlfnbm jOeRSr"
      color="#E2E8EA"
      orientation="horizontal"
    />
    <div
      class="sc-gsTCUz jkzjCh"
    >
      <p
        class="sc-hKgILt jKKuBF"
        color="#041C33"
        font-size="13px"
      >
        保存する
      </p>
    </div>
    <div
      class="sc-gsTCUz jkzjCh"
    >
      <p
        class="sc-hKgILt jKKuBF"
        color="#041C33"
        font-size="13px"
      >
        保存して実行する
      </p>
    </div>
    <hr
      class="sc-dlfnbm jOeRSr"
      color="#E2E8EA"
      orientation="horizontal"
    />
    <div
      class="sc-gsTCUz jkzjCh"
    >
      <p
        class="sc-hKgILt jKKuBF"
        color="#041C33"
        font-size="13px"
      >
        下書きとして保存する
      </p>
    </div>
    <div
      class="sc-gsTCUz jkzjCh"
    >
      <p
        class="sc-hKgILt jKKuBF"
        color="#041C33"
        font-size="13px"
      >
        やっぱり何もしない
      </p>
    </div>
  </div>
</DocumentFragment>
`;
