// Jest Snapshot v1, https://goo.gl/fbAQLP

exports[`Switch component testing Switch 1`] = `
<DocumentFragment>
  <div
    class="sc-AxjAm gmOVYy"
  >
    <div
      class="sc-AxirZ gpWHsK"
    >
      <div
        class="sc-AxgMl jWlBRO"
        style="left: 0px; width: 0px;"
      />
      <div
        class="sc-AxiKw dELjYj"
      >
        <div
          class="sc-AxhUy eOzVgP"
        >
          <span
            class="sc-Axmtr eVWLQo"
            color="#596978"
            font-size="13px"
          >
            デマンド別
          </span>
        </div>
        <div
          class="sc-AxhUy eOzVgP"
        >
          <span
            class="sc-Axmtr kVmwSa"
            color="#596978"
            font-size="13px"
          >
            チャネル別
          </span>
        </div>
      </div>
    </div>
  </div>
</DocumentFragment>
`;
