// Jest Snapshot v1, https://goo.gl/fbAQLP

exports[`Snackbar component testing Snackbar 1`] = `<DocumentFragment />`;
