// Jest Snapshot v1, https://goo.gl/fbAQLP

exports[`Button component testing Button 1`] = `
<DocumentFragment>
  <button
    class="sc-AxirZ sc-AxiKw izruVr"
    font-size="14px"
    font-weight="bold"
    height="48px"
  />
</DocumentFragment>
`;
