// Jest Snapshot v1, https://goo.gl/fbAQLP

exports[`ItemEmpty component testing ItemEmpty 1`] = `
<DocumentFragment>
  <div
    class="sc-bdfBwQ ihahlg"
  >
    <img
      class="sc-gsTCUz dVaZJO"
      src=""
      width="100"
    />
    <div
      class="sc-dlfnbm VgExN"
    >
      <p
        class="sc-hKgILt eknLAc"
        color="#041C33"
        font-size="14px"
      >
        title
      </p>
    </div>
    <p
      class="sc-hKgILt jKKuBF"
      color="#041C33"
      font-size="13px"
    >
      subtitle
    </p>
  </div>
</DocumentFragment>
`;
