// Jest Snapshot v1, https://goo.gl/fbAQLP

exports[`RadioButton component testing RadioButton 1`] = `
<DocumentFragment>
  <label
    class="sc-AxjAm fwXpkS"
  >
    <input
      type="radio"
    />
    <div
      class="sc-AxirZ fFxNUI"
    />
    <span
      class="sc-AxiKw dTGuxX"
    >
      ラジオボタン
    </span>
  </label>
</DocumentFragment>
`;
