// Jest Snapshot v1, https://goo.gl/fbAQLP

exports[`LocaleProvider component testing LocaleProvider 1`] = `<DocumentFragment />`;
