// Jest Snapshot v1, https://goo.gl/fbAQLP

exports[`Checkbox component testing Checkbox 1`] = `
<DocumentFragment>
  <label
    class="sc-AxjAm jIaAfJ"
  >
    <input
      class="sc-AxirZ dlWNdt"
      readonly=""
      type="checkbox"
    />
    <span
      class="sc-AxiKw xAGWQ"
    />
  </label>
</DocumentFragment>
`;
